=== RUN   TestAuthHandlerApiSuite
2026/04/10 18:08:49 github.com/testcontainers/testcontainers-go - Connected to docker: 
  Server Version: 29.1.3
  API Version: 1.46
  Operating System: Linux Mint 22.1
  Total Memory: 19741 MB
  Testcontainers for Go Version: v0.35.0
  Resolved Docker Host: unix:///var/run/docker.sock
  Resolved Docker Socket Path: /var/run/docker.sock
  Test SessionID: 65a371c473b340096441647e79a47e59ae491f8f26ea5219d2050266f7003e5e
  Test ProcessID: 5ead93da-7014-42d2-a823-51969a1fe0b1
2026/04/10 18:08:49 🐳 Creating container for image postgres:16-alpine
2026/04/10 18:08:49 🐳 Creating container for image testcontainers/ryuk:0.11.0
2026/04/10 18:08:50 ✅ Container created: 5a9ce4e9de8a
2026/04/10 18:08:50 🐳 Starting container: 5a9ce4e9de8a
2026/04/10 18:08:50 ✅ Container started: 5a9ce4e9de8a
2026/04/10 18:08:50 ⏳ Waiting for container id 5a9ce4e9de8a image: testcontainers/ryuk:0.11.0. Waiting for: &{Port:8080/tcp timeout:<nil> PollInterval:100ms skipInternalCheck:false}
2026/04/10 18:08:50 🔔 Container is ready: 5a9ce4e9de8a
2026/04/10 18:08:50 ✅ Container created: 44083bc91093
2026/04/10 18:08:50 🐳 Starting container: 44083bc91093
2026/04/10 18:08:50 ✅ Container started: 44083bc91093
2026/04/10 18:08:50 ⏳ Waiting for container id 44083bc91093 image: postgres:16-alpine. Waiting for: &{timeout:<nil> deadline:0xc000701150 Strategies:[0xc00033dd40]}
2026/04/10 18:08:53 🔔 Container is ready: 44083bc91093
2026/04/10 18:08:53 🐳 Creating container for image redis:7-alpine
2026/04/10 18:08:53 ✅ Container created: 9d8ccff0a247
2026/04/10 18:08:53 🐳 Starting container: 9d8ccff0a247
2026/04/10 18:08:53 ✅ Container started: 9d8ccff0a247
2026/04/10 18:08:53 ⏳ Waiting for container id 9d8ccff0a247 image: redis:7-alpine. Waiting for: &{timeout:<nil> Log:* Ready to accept connections IsRegexp:false Occurrence:1 PollInterval:100ms check:<nil> submatchCallback:<nil> re:<nil> log:[]}
2026/04/10 18:08:53 🔔 Container is ready: 9d8ccff0a247
2026/04/10 18:08:53 OK   20240205133621_add_pgcrypto_and_uuid_columns.sql (21.33ms)
2026/04/10 18:08:53 OK   20240205133622_create_users.sql (20.95ms)
2026/04/10 18:08:54 OK   20240205133624_create_reset_token.sql (23.37ms)
2026/04/10 18:08:54 OK   20241212095411_create_cards_table.sql (33.3ms)
2026/04/10 18:08:54 OK   20241212095457_create_merchants_table.sql (20.4ms)
2026/04/10 18:08:54 OK   20241212095458_create_merchant_documents_table.sql (15.35ms)
2026/04/10 18:08:54 OK   20241212095522_create_saldos_table.sql (14.65ms)
2026/04/10 18:08:54 OK   20241212095555_create_transactions_table.sql (17.34ms)
2026/04/10 18:08:54 OK   20241212095620_create_transfers_table.sql (15.92ms)
2026/04/10 18:08:54 OK   20241212095650_create_topups_table.sql (16.24ms)
2026/04/10 18:08:54 OK   20241212095720_create_withdraws_table.sql (14.48ms)
2026/04/10 18:08:54 OK   20241231190107_create_role.sql (15.13ms)
2026/04/10 18:08:54 OK   20241231190118_create_user_role.sql (15.96ms)
2026/04/10 18:08:54 OK   20241231194859_create_refreshtoken.sql (11.41ms)
2026/04/10 18:08:54 goose: successfully migrated database to version: 20241231194859
=== RUN   TestAuthHandlerApiSuite/Test1_Register
{"level":"info","ts":"2026-04-10T18:08:54.225+0700","caller":"observability/tracing_metrics.go:105","msg":"Start: register"}
{"level":"info","ts":"2026-04-10T18:08:54.228+0700","caller":"handler/auth.go:166","msg":"RegisterUser called","email":"auth.handler.api.test@example.com"}
{"level":"info","ts":"2026-04-10T18:08:54.228+0700","caller":"observability/tracing_metrics.go:105","msg":"Start: Register"}
{"level":"debug","ts":"2026-04-10T18:08:54.386+0700","caller":"cache/redis_cache.go:98","msg":"Successfully cached data","cacheKey":"register:verify_code:auth.handler.api.test@example.com","expiration":"15m0s"}
{"level":"info","ts":"2026-04-10T18:08:54.386+0700","caller":"observability/tracing_metrics.go:122","msg":"User registered successfully","email":"auth.handler.api.test@example.com","first_name":"Auth","last_name":"API"}
{"level":"info","ts":"2026-04-10T18:08:54.386+0700","caller":"handler/auth.go:182","msg":"RegisterUser successful","success":true}
{"level":"info","ts":"2026-04-10T18:08:54.387+0700","caller":"observability/tracing_metrics.go:122","msg":"Request completed successfully"}
=== RUN   TestAuthHandlerApiSuite/Test2_Login
{"level":"info","ts":"2026-04-10T18:08:54.387+0700","caller":"observability/tracing_metrics.go:105","msg":"Start: login"}
{"level":"info","ts":"2026-04-10T18:08:54.388+0700","caller":"handler/auth.go:94","msg":"LoginUser called","email":"auth.handler.api.test@example.com"}
{"level":"info","ts":"2026-04-10T18:08:54.388+0700","caller":"observability/tracing_metrics.go:105","msg":"Start: Login"}
{"level":"debug","ts":"2026-04-10T18:08:54.527+0700","caller":"service/tokenService.go:219","msg":"Start: createAccessToken"}
{"level":"debug","ts":"2026-04-10T18:08:54.527+0700","caller":"service/tokenService.go:235","msg":"Created access token","userID":1}
{"level":"debug","ts":"2026-04-10T18:08:54.527+0700","caller":"service/tokenService.go:219","msg":"Start: createRefreshToken"}
{"level":"debug","ts":"2026-04-10T18:08:54.533+0700","caller":"service/tokenService.go:235","msg":"Created refresh token","userID":1}
{"level":"info","ts":"2026-04-10T18:08:54.533+0700","caller":"observability/tracing_metrics.go:122","msg":"Successfully logged in","email":"auth.handler.api.test@example.com"}
{"level":"info","ts":"2026-04-10T18:08:54.533+0700","caller":"handler/auth.go:107","msg":"LoginUser successful","success":true}
{"level":"debug","ts":"2026-04-10T18:08:54.534+0700","caller":"cache/redis_cache.go:98","msg":"Successfully cached data","cacheKey":"auth:login:auth.handler.api.test@example.com","expiration":"5m0s"}
{"level":"info","ts":"2026-04-10T18:08:54.534+0700","caller":"observability/tracing_metrics.go:122","msg":"Request completed successfully"}
=== RUN   TestAuthHandlerApiSuite/Test3_GetMe
{"level":"info","ts":"2026-04-10T18:08:54.534+0700","caller":"observability/tracing_metrics.go:105","msg":"Start: GetMe"}
{"level":"info","ts":"2026-04-10T18:08:54.535+0700","caller":"handler/auth.go:141","msg":"GetMe called"}
{"level":"info","ts":"2026-04-10T18:08:54.535+0700","caller":"observability/tracing_metrics.go:105","msg":"Start: GetMe"}
{"level":"debug","ts":"2026-04-10T18:08:54.535+0700","caller":"service/identifiyService.go:179","msg":"Fetching user details","user.id":1}
{"level":"debug","ts":"2026-04-10T18:08:54.536+0700","caller":"cache/redis_cache.go:98","msg":"Successfully cached data","cacheKey":"identity:user_info:%!s(int32=1)","expiration":"5m0s"}
{"level":"info","ts":"2026-04-10T18:08:54.536+0700","caller":"observability/tracing_metrics.go:122","msg":"User details fetched successfully","user.id":1}
{"level":"info","ts":"2026-04-10T18:08:54.536+0700","caller":"handler/auth.go:149","msg":"GetMe successful","success":true}
{"level":"debug","ts":"2026-04-10T18:08:54.537+0700","caller":"cache/redis_cache.go:98","msg":"Successfully cached data","cacheKey":"auth:user_info:1","expiration":"5m0s"}
{"level":"info","ts":"2026-04-10T18:08:54.537+0700","caller":"observability/tracing_metrics.go:122","msg":"Request completed successfully"}
=== RUN   TestAuthHandlerApiSuite/Test4_LoginLockout
{"level":"info","ts":"2026-04-10T18:08:54.537+0700","caller":"observability/tracing_metrics.go:105","msg":"Start: register"}
{"level":"info","ts":"2026-04-10T18:08:54.538+0700","caller":"handler/auth.go:166","msg":"RegisterUser called","email":"locked.api@example.com"}
{"level":"info","ts":"2026-04-10T18:08:54.538+0700","caller":"observability/tracing_metrics.go:105","msg":"Start: Register"}
{"level":"debug","ts":"2026-04-10T18:08:54.679+0700","caller":"cache/redis_cache.go:98","msg":"Successfully cached data","cacheKey":"register:verify_code:locked.api@example.com","expiration":"15m0s"}
{"level":"info","ts":"2026-04-10T18:08:54.679+0700","caller":"observability/tracing_metrics.go:122","msg":"User registered successfully","email":"locked.api@example.com","first_name":"Locked","last_name":"API"}
{"level":"info","ts":"2026-04-10T18:08:54.679+0700","caller":"handler/auth.go:182","msg":"RegisterUser successful","success":true}
{"level":"info","ts":"2026-04-10T18:08:54.680+0700","caller":"observability/tracing_metrics.go:122","msg":"Request completed successfully"}
{"level":"info","ts":"2026-04-10T18:08:54.680+0700","caller":"observability/tracing_metrics.go:105","msg":"Start: login"}
{"level":"info","ts":"2026-04-10T18:08:54.680+0700","caller":"handler/auth.go:94","msg":"LoginUser called","email":"locked.api@example.com"}
{"level":"info","ts":"2026-04-10T18:08:54.680+0700","caller":"observability/tracing_metrics.go:105","msg":"Start: Login"}
{"level":"error","ts":"2026-04-10T18:08:54.819+0700","caller":"errorhandler/errorhandler.go:39","msg":"request failed","method":"Login","error":"crypto/bcrypt: hashedPassword is not the hash of the given password","trace_id":"00000000000000000000000000000000","status_code":500,"email":"locked.api@example.com"}
{"level":"error","ts":"2026-04-10T18:08:54.819+0700","caller":"handler/auth.go:103","msg":"LoginUser failed","error":"crypto/bcrypt: hashedPassword is not the hash of the given password"}
{"level":"error","ts":"2026-04-10T18:08:54.819+0700","caller":"auth/auth.go:159","msg":"Login failed","error":"rpc error: code = Internal desc = internal error"}
{"level":"error","ts":"2026-04-10T18:08:54.819+0700","caller":"errors/api_error.go:67","msg":"API error in login","error":"Failed to Login: rpc error: code = Internal desc = internal error","trace.id":"00000000000000000000000000000000","path":"/api/auth/login","method":"POST"}
    handler_api_test.go:214: 
        	Error Trace:	/home/hoover/Projects/golang/monolith-payment-gateway-grpc/tests/auth/handler_api_test.go:214
        	Error:      	Not equal: 
        	            	expected: 401
        	            	actual  : 500
        	Test:       	TestAuthHandlerApiSuite/Test4_LoginLockout
{"level":"info","ts":"2026-04-10T18:08:54.819+0700","caller":"observability/tracing_metrics.go:105","msg":"Start: login"}
{"level":"info","ts":"2026-04-10T18:08:54.820+0700","caller":"handler/auth.go:94","msg":"LoginUser called","email":"locked.api@example.com"}
{"level":"info","ts":"2026-04-10T18:08:54.820+0700","caller":"observability/tracing_metrics.go:105","msg":"Start: Login"}
{"level":"error","ts":"2026-04-10T18:08:54.959+0700","caller":"errorhandler/errorhandler.go:39","msg":"request failed","method":"Login","error":"crypto/bcrypt: hashedPassword is not the hash of the given password","trace_id":"00000000000000000000000000000000","status_code":500,"email":"locked.api@example.com"}
{"level":"error","ts":"2026-04-10T18:08:54.959+0700","caller":"handler/auth.go:103","msg":"LoginUser failed","error":"crypto/bcrypt: hashedPassword is not the hash of the given password"}
{"level":"error","ts":"2026-04-10T18:08:54.959+0700","caller":"auth/auth.go:159","msg":"Login failed","error":"rpc error: code = Internal desc = internal error"}
{"level":"error","ts":"2026-04-10T18:08:54.959+0700","caller":"errors/api_error.go:67","msg":"API error in login","error":"Failed to Login: rpc error: code = Internal desc = internal error","trace.id":"00000000000000000000000000000000","path":"/api/auth/login","method":"POST"}
    handler_api_test.go:214: 
        	Error Trace:	/home/hoover/Projects/golang/monolith-payment-gateway-grpc/tests/auth/handler_api_test.go:214
        	Error:      	Not equal: 
        	            	expected: 401
        	            	actual  : 500
        	Test:       	TestAuthHandlerApiSuite/Test4_LoginLockout
{"level":"info","ts":"2026-04-10T18:08:54.960+0700","caller":"observability/tracing_metrics.go:105","msg":"Start: login"}
{"level":"info","ts":"2026-04-10T18:08:54.960+0700","caller":"handler/auth.go:94","msg":"LoginUser called","email":"locked.api@example.com"}
{"level":"info","ts":"2026-04-10T18:08:54.960+0700","caller":"observability/tracing_metrics.go:105","msg":"Start: Login"}
{"level":"error","ts":"2026-04-10T18:08:55.100+0700","caller":"errorhandler/errorhandler.go:39","msg":"request failed","method":"Login","error":"crypto/bcrypt: hashedPassword is not the hash of the given password","trace_id":"00000000000000000000000000000000","status_code":500,"email":"locked.api@example.com"}
{"level":"error","ts":"2026-04-10T18:08:55.100+0700","caller":"handler/auth.go:103","msg":"LoginUser failed","error":"crypto/bcrypt: hashedPassword is not the hash of the given password"}
{"level":"error","ts":"2026-04-10T18:08:55.101+0700","caller":"auth/auth.go:159","msg":"Login failed","error":"rpc error: code = Internal desc = internal error"}
{"level":"error","ts":"2026-04-10T18:08:55.101+0700","caller":"errors/api_error.go:67","msg":"API error in login","error":"Failed to Login: rpc error: code = Internal desc = internal error","trace.id":"00000000000000000000000000000000","path":"/api/auth/login","method":"POST"}
    handler_api_test.go:214: 
        	Error Trace:	/home/hoover/Projects/golang/monolith-payment-gateway-grpc/tests/auth/handler_api_test.go:214
        	Error:      	Not equal: 
        	            	expected: 401
        	            	actual  : 500
        	Test:       	TestAuthHandlerApiSuite/Test4_LoginLockout
{"level":"info","ts":"2026-04-10T18:08:55.101+0700","caller":"observability/tracing_metrics.go:105","msg":"Start: login"}
{"level":"info","ts":"2026-04-10T18:08:55.101+0700","caller":"handler/auth.go:94","msg":"LoginUser called","email":"locked.api@example.com"}
{"level":"info","ts":"2026-04-10T18:08:55.101+0700","caller":"observability/tracing_metrics.go:105","msg":"Start: Login"}
{"level":"error","ts":"2026-04-10T18:08:55.240+0700","caller":"errorhandler/errorhandler.go:39","msg":"request failed","method":"Login","error":"crypto/bcrypt: hashedPassword is not the hash of the given password","trace_id":"00000000000000000000000000000000","status_code":500,"email":"locked.api@example.com"}
{"level":"error","ts":"2026-04-10T18:08:55.240+0700","caller":"handler/auth.go:103","msg":"LoginUser failed","error":"crypto/bcrypt: hashedPassword is not the hash of the given password"}
{"level":"error","ts":"2026-04-10T18:08:55.240+0700","caller":"auth/auth.go:159","msg":"Login failed","error":"rpc error: code = Internal desc = internal error"}
{"level":"error","ts":"2026-04-10T18:08:55.240+0700","caller":"errors/api_error.go:67","msg":"API error in login","error":"Failed to Login: rpc error: code = Internal desc = internal error","trace.id":"00000000000000000000000000000000","path":"/api/auth/login","method":"POST"}
    handler_api_test.go:214: 
        	Error Trace:	/home/hoover/Projects/golang/monolith-payment-gateway-grpc/tests/auth/handler_api_test.go:214
        	Error:      	Not equal: 
        	            	expected: 401
        	            	actual  : 500
        	Test:       	TestAuthHandlerApiSuite/Test4_LoginLockout
{"level":"info","ts":"2026-04-10T18:08:55.240+0700","caller":"observability/tracing_metrics.go:105","msg":"Start: login"}
{"level":"info","ts":"2026-04-10T18:08:55.241+0700","caller":"handler/auth.go:94","msg":"LoginUser called","email":"locked.api@example.com"}
{"level":"info","ts":"2026-04-10T18:08:55.241+0700","caller":"observability/tracing_metrics.go:105","msg":"Start: Login"}
{"level":"error","ts":"2026-04-10T18:08:55.382+0700","caller":"errorhandler/errorhandler.go:39","msg":"request failed","method":"Login","error":"crypto/bcrypt: hashedPassword is not the hash of the given password","trace_id":"00000000000000000000000000000000","status_code":500,"email":"locked.api@example.com"}
{"level":"error","ts":"2026-04-10T18:08:55.382+0700","caller":"handler/auth.go:103","msg":"LoginUser failed","error":"crypto/bcrypt: hashedPassword is not the hash of the given password"}
{"level":"error","ts":"2026-04-10T18:08:55.382+0700","caller":"auth/auth.go:159","msg":"Login failed","error":"rpc error: code = Internal desc = internal error"}
{"level":"error","ts":"2026-04-10T18:08:55.382+0700","caller":"errors/api_error.go:67","msg":"API error in login","error":"Failed to Login: rpc error: code = Internal desc = internal error","trace.id":"00000000000000000000000000000000","path":"/api/auth/login","method":"POST"}
    handler_api_test.go:214: 
        	Error Trace:	/home/hoover/Projects/golang/monolith-payment-gateway-grpc/tests/auth/handler_api_test.go:214
        	Error:      	Not equal: 
        	            	expected: 401
        	            	actual  : 500
        	Test:       	TestAuthHandlerApiSuite/Test4_LoginLockout
{"level":"info","ts":"2026-04-10T18:08:55.383+0700","caller":"observability/tracing_metrics.go:105","msg":"Start: login"}
{"level":"info","ts":"2026-04-10T18:08:55.383+0700","caller":"handler/auth.go:94","msg":"LoginUser called","email":"locked.api@example.com"}
{"level":"info","ts":"2026-04-10T18:08:55.383+0700","caller":"observability/tracing_metrics.go:105","msg":"Start: Login"}
{"level":"error","ts":"2026-04-10T18:08:55.384+0700","caller":"errorhandler/errorhandler.go:39","msg":"request failed","method":"Login","error":"Account temporarily locked due to many failed attempts","trace_id":"00000000000000000000000000000000","status_code":403,"email":"locked.api@example.com"}
{"level":"error","ts":"2026-04-10T18:08:55.384+0700","caller":"handler/auth.go:103","msg":"LoginUser failed","error":"Account temporarily locked due to many failed attempts"}
{"level":"error","ts":"2026-04-10T18:08:55.384+0700","caller":"auth/auth.go:159","msg":"Login failed","error":"rpc error: code = PermissionDenied desc = Account temporarily locked due to many failed attempts"}
{"level":"error","ts":"2026-04-10T18:08:55.384+0700","caller":"errors/api_error.go:67","msg":"API error in login","error":"Forbidden: rpc error: code = PermissionDenied desc = Account temporarily locked due to many failed attempts","trace.id":"00000000000000000000000000000000","path":"/api/auth/login","method":"POST"}
2026/04/10 18:08:55 🐳 Stopping container: 44083bc91093
2026/04/10 18:08:55 ✅ Container stopped: 44083bc91093
2026/04/10 18:08:55 🐳 Terminating container: 44083bc91093
2026/04/10 18:08:55 🚫 Container terminated: 44083bc91093
2026/04/10 18:08:55 🐳 Stopping container: 9d8ccff0a247
2026/04/10 18:08:55 ✅ Container stopped: 9d8ccff0a247
2026/04/10 18:08:55 🐳 Terminating container: 9d8ccff0a247
2026/04/10 18:08:55 🚫 Container terminated: 9d8ccff0a247
--- FAIL: TestAuthHandlerApiSuite (6.10s)
    --- PASS: TestAuthHandlerApiSuite/Test1_Register (0.16s)
    --- PASS: TestAuthHandlerApiSuite/Test2_Login (0.15s)
    --- PASS: TestAuthHandlerApiSuite/Test3_GetMe (0.00s)
    --- FAIL: TestAuthHandlerApiSuite/Test4_LoginLockout (0.85s)
=== RUN   TestAuthHandlerGapiSuite
2026/04/10 18:08:55 🐳 Creating container for image postgres:16-alpine
2026/04/10 18:08:56 ✅ Container created: eff2a8836032
2026/04/10 18:08:56 🐳 Starting container: eff2a8836032
2026/04/10 18:08:56 ✅ Container started: eff2a8836032
2026/04/10 18:08:56 ⏳ Waiting for container id eff2a8836032 image: postgres:16-alpine. Waiting for: &{timeout:<nil> deadline:0xc00049b980 Strategies:[0xc0004cb980]}
2026/04/10 18:08:59 🔔 Container is ready: eff2a8836032
2026/04/10 18:08:59 🐳 Creating container for image redis:7-alpine
2026/04/10 18:08:59 ✅ Container created: 8076770df7d4
2026/04/10 18:08:59 🐳 Starting container: 8076770df7d4
2026/04/10 18:08:59 ✅ Container started: 8076770df7d4
2026/04/10 18:08:59 ⏳ Waiting for container id 8076770df7d4 image: redis:7-alpine. Waiting for: &{timeout:<nil> Log:* Ready to accept connections IsRegexp:false Occurrence:1 PollInterval:100ms check:<nil> submatchCallback:<nil> re:<nil> log:[]}
2026/04/10 18:08:59 🔔 Container is ready: 8076770df7d4
2026/04/10 18:08:59 OK   20240205133621_add_pgcrypto_and_uuid_columns.sql (17.9ms)
2026/04/10 18:08:59 OK   20240205133622_create_users.sql (22.26ms)
2026/04/10 18:08:59 OK   20240205133624_create_reset_token.sql (19.71ms)
2026/04/10 18:08:59 OK   20241212095411_create_cards_table.sql (26.03ms)
2026/04/10 18:08:59 OK   20241212095457_create_merchants_table.sql (23.46ms)
2026/04/10 18:08:59 OK   20241212095458_create_merchant_documents_table.sql (22.37ms)
2026/04/10 18:08:59 OK   20241212095522_create_saldos_table.sql (23.01ms)
2026/04/10 18:08:59 OK   20241212095555_create_transactions_table.sql (25.81ms)
2026/04/10 18:08:59 OK   20241212095620_create_transfers_table.sql (26.54ms)
2026/04/10 18:08:59 OK   20241212095650_create_topups_table.sql (24.21ms)
2026/04/10 18:08:59 OK   20241212095720_create_withdraws_table.sql (26.99ms)
2026/04/10 18:08:59 OK   20241231190107_create_role.sql (16.64ms)
2026/04/10 18:08:59 OK   20241231190118_create_user_role.sql (17.56ms)
2026/04/10 18:08:59 OK   20241231194859_create_refreshtoken.sql (12.5ms)
2026/04/10 18:08:59 goose: successfully migrated database to version: 20241231194859
=== RUN   TestAuthHandlerGapiSuite/Test1_Register
{"level":"info","ts":"2026-04-10T18:08:59.927+0700","caller":"handler/auth.go:166","msg":"RegisterUser called","email":"auth.handler.gapi.test@example.com"}
{"level":"info","ts":"2026-04-10T18:08:59.927+0700","caller":"observability/tracing_metrics.go:105","msg":"Start: Register"}
{"level":"debug","ts":"2026-04-10T18:09:00.081+0700","caller":"cache/redis_cache.go:98","msg":"Successfully cached data","cacheKey":"register:verify_code:auth.handler.gapi.test@example.com","expiration":"15m0s"}
{"level":"info","ts":"2026-04-10T18:09:00.081+0700","caller":"observability/tracing_metrics.go:122","msg":"User registered successfully","email":"auth.handler.gapi.test@example.com","first_name":"Auth","last_name":"Handler"}
{"level":"info","ts":"2026-04-10T18:09:00.081+0700","caller":"handler/auth.go:182","msg":"RegisterUser successful","success":true}
=== RUN   TestAuthHandlerGapiSuite/Test2_Login
{"level":"info","ts":"2026-04-10T18:09:00.082+0700","caller":"handler/auth.go:94","msg":"LoginUser called","email":"auth.handler.gapi.test@example.com"}
{"level":"info","ts":"2026-04-10T18:09:00.082+0700","caller":"observability/tracing_metrics.go:105","msg":"Start: Login"}
{"level":"debug","ts":"2026-04-10T18:09:00.220+0700","caller":"service/tokenService.go:219","msg":"Start: createAccessToken"}
{"level":"debug","ts":"2026-04-10T18:09:00.220+0700","caller":"service/tokenService.go:235","msg":"Created access token","userID":1}
{"level":"debug","ts":"2026-04-10T18:09:00.220+0700","caller":"service/tokenService.go:219","msg":"Start: createRefreshToken"}
{"level":"debug","ts":"2026-04-10T18:09:00.226+0700","caller":"service/tokenService.go:235","msg":"Created refresh token","userID":1}
{"level":"info","ts":"2026-04-10T18:09:00.227+0700","caller":"observability/tracing_metrics.go:122","msg":"Successfully logged in","email":"auth.handler.gapi.test@example.com"}
{"level":"info","ts":"2026-04-10T18:09:00.228+0700","caller":"handler/auth.go:107","msg":"LoginUser successful","success":true}
=== RUN   TestAuthHandlerGapiSuite/Test3_GetMe
{"level":"info","ts":"2026-04-10T18:09:00.229+0700","caller":"handler/auth.go:141","msg":"GetMe called"}
{"level":"info","ts":"2026-04-10T18:09:00.229+0700","caller":"observability/tracing_metrics.go:105","msg":"Start: GetMe"}
{"level":"debug","ts":"2026-04-10T18:09:00.229+0700","caller":"service/identifiyService.go:179","msg":"Fetching user details","user.id":1}
{"level":"debug","ts":"2026-04-10T18:09:00.231+0700","caller":"cache/redis_cache.go:98","msg":"Successfully cached data","cacheKey":"identity:user_info:%!s(int32=1)","expiration":"5m0s"}
{"level":"info","ts":"2026-04-10T18:09:00.231+0700","caller":"observability/tracing_metrics.go:122","msg":"User details fetched successfully","user.id":1}
{"level":"info","ts":"2026-04-10T18:09:00.231+0700","caller":"handler/auth.go:149","msg":"GetMe successful","success":true}
=== RUN   TestAuthHandlerGapiSuite/Test4_LoginLockout
{"level":"info","ts":"2026-04-10T18:09:00.232+0700","caller":"handler/auth.go:166","msg":"RegisterUser called","email":"locked.gapi@example.com"}
{"level":"info","ts":"2026-04-10T18:09:00.232+0700","caller":"observability/tracing_metrics.go:105","msg":"Start: Register"}
{"level":"debug","ts":"2026-04-10T18:09:00.370+0700","caller":"cache/redis_cache.go:98","msg":"Successfully cached data","cacheKey":"register:verify_code:locked.gapi@example.com","expiration":"15m0s"}
{"level":"info","ts":"2026-04-10T18:09:00.370+0700","caller":"observability/tracing_metrics.go:122","msg":"User registered successfully","email":"locked.gapi@example.com","first_name":"Locked","last_name":"Gapi"}
{"level":"info","ts":"2026-04-10T18:09:00.370+0700","caller":"handler/auth.go:182","msg":"RegisterUser successful","success":true}
{"level":"info","ts":"2026-04-10T18:09:00.371+0700","caller":"handler/auth.go:94","msg":"LoginUser called","email":"locked.gapi@example.com"}
{"level":"info","ts":"2026-04-10T18:09:00.371+0700","caller":"observability/tracing_metrics.go:105","msg":"Start: Login"}
{"level":"error","ts":"2026-04-10T18:09:00.510+0700","caller":"errorhandler/errorhandler.go:39","msg":"request failed","method":"Login","error":"crypto/bcrypt: hashedPassword is not the hash of the given password","trace_id":"00000000000000000000000000000000","status_code":500,"email":"locked.gapi@example.com"}
{"level":"error","ts":"2026-04-10T18:09:00.511+0700","caller":"handler/auth.go:103","msg":"LoginUser failed","error":"crypto/bcrypt: hashedPassword is not the hash of the given password"}
{"level":"info","ts":"2026-04-10T18:09:00.511+0700","caller":"handler/auth.go:94","msg":"LoginUser called","email":"locked.gapi@example.com"}
{"level":"info","ts":"2026-04-10T18:09:00.511+0700","caller":"observability/tracing_metrics.go:105","msg":"Start: Login"}
{"level":"error","ts":"2026-04-10T18:09:00.649+0700","caller":"errorhandler/errorhandler.go:39","msg":"request failed","method":"Login","error":"crypto/bcrypt: hashedPassword is not the hash of the given password","trace_id":"00000000000000000000000000000000","status_code":500,"email":"locked.gapi@example.com"}
{"level":"error","ts":"2026-04-10T18:09:00.649+0700","caller":"handler/auth.go:103","msg":"LoginUser failed","error":"crypto/bcrypt: hashedPassword is not the hash of the given password"}
{"level":"info","ts":"2026-04-10T18:09:00.650+0700","caller":"handler/auth.go:94","msg":"LoginUser called","email":"locked.gapi@example.com"}
{"level":"info","ts":"2026-04-10T18:09:00.650+0700","caller":"observability/tracing_metrics.go:105","msg":"Start: Login"}
{"level":"error","ts":"2026-04-10T18:09:00.790+0700","caller":"errorhandler/errorhandler.go:39","msg":"request failed","method":"Login","error":"crypto/bcrypt: hashedPassword is not the hash of the given password","trace_id":"00000000000000000000000000000000","status_code":500,"email":"locked.gapi@example.com"}
{"level":"error","ts":"2026-04-10T18:09:00.790+0700","caller":"handler/auth.go:103","msg":"LoginUser failed","error":"crypto/bcrypt: hashedPassword is not the hash of the given password"}
{"level":"info","ts":"2026-04-10T18:09:00.790+0700","caller":"handler/auth.go:94","msg":"LoginUser called","email":"locked.gapi@example.com"}
{"level":"info","ts":"2026-04-10T18:09:00.790+0700","caller":"observability/tracing_metrics.go:105","msg":"Start: Login"}
{"level":"error","ts":"2026-04-10T18:09:00.929+0700","caller":"errorhandler/errorhandler.go:39","msg":"request failed","method":"Login","error":"crypto/bcrypt: hashedPassword is not the hash of the given password","trace_id":"00000000000000000000000000000000","status_code":500,"email":"locked.gapi@example.com"}
{"level":"error","ts":"2026-04-10T18:09:00.929+0700","caller":"handler/auth.go:103","msg":"LoginUser failed","error":"crypto/bcrypt: hashedPassword is not the hash of the given password"}
{"level":"info","ts":"2026-04-10T18:09:00.930+0700","caller":"handler/auth.go:94","msg":"LoginUser called","email":"locked.gapi@example.com"}
{"level":"info","ts":"2026-04-10T18:09:00.930+0700","caller":"observability/tracing_metrics.go:105","msg":"Start: Login"}
{"level":"error","ts":"2026-04-10T18:09:01.069+0700","caller":"errorhandler/errorhandler.go:39","msg":"request failed","method":"Login","error":"crypto/bcrypt: hashedPassword is not the hash of the given password","trace_id":"00000000000000000000000000000000","status_code":500,"email":"locked.gapi@example.com"}
{"level":"error","ts":"2026-04-10T18:09:01.069+0700","caller":"handler/auth.go:103","msg":"LoginUser failed","error":"crypto/bcrypt: hashedPassword is not the hash of the given password"}
{"level":"info","ts":"2026-04-10T18:09:01.069+0700","caller":"handler/auth.go:94","msg":"LoginUser called","email":"locked.gapi@example.com"}
{"level":"info","ts":"2026-04-10T18:09:01.069+0700","caller":"observability/tracing_metrics.go:105","msg":"Start: Login"}
{"level":"error","ts":"2026-04-10T18:09:01.070+0700","caller":"errorhandler/errorhandler.go:39","msg":"request failed","method":"Login","error":"Account temporarily locked due to many failed attempts","trace_id":"00000000000000000000000000000000","status_code":403,"email":"locked.gapi@example.com"}
{"level":"error","ts":"2026-04-10T18:09:01.070+0700","caller":"handler/auth.go:103","msg":"LoginUser failed","error":"Account temporarily locked due to many failed attempts"}
2026/04/10 18:09:01 🐳 Stopping container: eff2a8836032
2026/04/10 18:09:01 ✅ Container stopped: eff2a8836032
2026/04/10 18:09:01 🐳 Terminating container: eff2a8836032
2026/04/10 18:09:01 🚫 Container terminated: eff2a8836032
2026/04/10 18:09:01 🐳 Stopping container: 8076770df7d4
2026/04/10 18:09:01 ✅ Container stopped: 8076770df7d4
2026/04/10 18:09:01 🐳 Terminating container: 8076770df7d4
2026/04/10 18:09:01 🚫 Container terminated: 8076770df7d4
--- PASS: TestAuthHandlerGapiSuite (5.68s)
    --- PASS: TestAuthHandlerGapiSuite/Test1_Register (0.16s)
    --- PASS: TestAuthHandlerGapiSuite/Test2_Login (0.15s)
    --- PASS: TestAuthHandlerGapiSuite/Test3_GetMe (0.00s)
    --- PASS: TestAuthHandlerGapiSuite/Test4_LoginLockout (0.84s)
=== RUN   TestAuthRepositorySuite
2026/04/10 18:09:01 🐳 Creating container for image postgres:16-alpine
2026/04/10 18:09:01 ✅ Container created: f553011db5be
2026/04/10 18:09:01 🐳 Starting container: f553011db5be
2026/04/10 18:09:01 ✅ Container started: f553011db5be
2026/04/10 18:09:01 ⏳ Waiting for container id f553011db5be image: postgres:16-alpine. Waiting for: &{timeout:<nil> deadline:0xc000611e98 Strategies:[0xc00034bc80]}
2026/04/10 18:09:05 🔔 Container is ready: f553011db5be
2026/04/10 18:09:05 🐳 Creating container for image redis:7-alpine
2026/04/10 18:09:05 ✅ Container created: d76d5641622e
2026/04/10 18:09:05 🐳 Starting container: d76d5641622e
2026/04/10 18:09:05 ✅ Container started: d76d5641622e
2026/04/10 18:09:05 ⏳ Waiting for container id d76d5641622e image: redis:7-alpine. Waiting for: &{timeout:<nil> Log:* Ready to accept connections IsRegexp:false Occurrence:1 PollInterval:100ms check:<nil> submatchCallback:<nil> re:<nil> log:[]}
2026/04/10 18:09:05 🔔 Container is ready: d76d5641622e
2026/04/10 18:09:05 OK   20240205133621_add_pgcrypto_and_uuid_columns.sql (15.9ms)
2026/04/10 18:09:05 OK   20240205133622_create_users.sql (21.5ms)
2026/04/10 18:09:05 OK   20240205133624_create_reset_token.sql (19.06ms)
2026/04/10 18:09:05 OK   20241212095411_create_cards_table.sql (18.79ms)
2026/04/10 18:09:05 OK   20241212095457_create_merchants_table.sql (21.36ms)
2026/04/10 18:09:05 OK   20241212095458_create_merchant_documents_table.sql (15.56ms)
2026/04/10 18:09:05 OK   20241212095522_create_saldos_table.sql (22.04ms)
2026/04/10 18:09:05 OK   20241212095555_create_transactions_table.sql (27.9ms)
2026/04/10 18:09:05 OK   20241212095620_create_transfers_table.sql (19.03ms)
2026/04/10 18:09:05 OK   20241212095650_create_topups_table.sql (17.1ms)
2026/04/10 18:09:05 OK   20241212095720_create_withdraws_table.sql (14.85ms)
2026/04/10 18:09:05 OK   20241231190107_create_role.sql (12.77ms)
2026/04/10 18:09:05 OK   20241231190118_create_user_role.sql (20.66ms)
2026/04/10 18:09:05 OK   20241231194859_create_refreshtoken.sql (18.36ms)
2026/04/10 18:09:05 goose: successfully migrated database to version: 20241231194859
=== RUN   TestAuthRepositorySuite/Test1_CreateUser
=== RUN   TestAuthRepositorySuite/Test2_FindByEmail
=== RUN   TestAuthRepositorySuite/Test3_UpdateVerification
=== RUN   TestAuthRepositorySuite/Test4_RefreshToken
=== RUN   TestAuthRepositorySuite/Test5_ResetToken
2026/04/10 18:09:05 🐳 Stopping container: f553011db5be
2026/04/10 18:09:06 ✅ Container stopped: f553011db5be
2026/04/10 18:09:06 🐳 Terminating container: f553011db5be
2026/04/10 18:09:06 🚫 Container terminated: f553011db5be
2026/04/10 18:09:06 🐳 Stopping container: d76d5641622e
2026/04/10 18:09:06 ✅ Container stopped: d76d5641622e
2026/04/10 18:09:06 🐳 Terminating container: d76d5641622e
2026/04/10 18:09:06 🚫 Container terminated: d76d5641622e
--- PASS: TestAuthRepositorySuite (4.99s)
    --- PASS: TestAuthRepositorySuite/Test1_CreateUser (0.02s)
    --- PASS: TestAuthRepositorySuite/Test2_FindByEmail (0.01s)
    --- PASS: TestAuthRepositorySuite/Test3_UpdateVerification (0.00s)
    --- PASS: TestAuthRepositorySuite/Test4_RefreshToken (0.01s)
    --- PASS: TestAuthRepositorySuite/Test5_ResetToken (0.01s)
=== RUN   TestAuthServiceSuite
2026/04/10 18:09:06 🐳 Creating container for image postgres:16-alpine
2026/04/10 18:09:06 ✅ Container created: 0a77b31e6607
2026/04/10 18:09:06 🐳 Starting container: 0a77b31e6607
2026/04/10 18:09:06 ✅ Container started: 0a77b31e6607
2026/04/10 18:09:06 ⏳ Waiting for container id 0a77b31e6607 image: postgres:16-alpine. Waiting for: &{timeout:<nil> deadline:0xc0009aa9a0 Strategies:[0xc0009e34a0]}
2026/04/10 18:09:09 🔔 Container is ready: 0a77b31e6607
2026/04/10 18:09:09 🐳 Creating container for image redis:7-alpine
2026/04/10 18:09:10 ✅ Container created: f37834516d19
2026/04/10 18:09:10 🐳 Starting container: f37834516d19
2026/04/10 18:09:10 ✅ Container started: f37834516d19
2026/04/10 18:09:10 ⏳ Waiting for container id f37834516d19 image: redis:7-alpine. Waiting for: &{timeout:<nil> Log:* Ready to accept connections IsRegexp:false Occurrence:1 PollInterval:100ms check:<nil> submatchCallback:<nil> re:<nil> log:[]}
2026/04/10 18:09:10 🔔 Container is ready: f37834516d19
2026/04/10 18:09:10 OK   20240205133621_add_pgcrypto_and_uuid_columns.sql (14.94ms)
2026/04/10 18:09:10 OK   20240205133622_create_users.sql (19.64ms)
2026/04/10 18:09:10 OK   20240205133624_create_reset_token.sql (18.34ms)
2026/04/10 18:09:10 OK   20241212095411_create_cards_table.sql (29.32ms)
2026/04/10 18:09:10 OK   20241212095457_create_merchants_table.sql (26.79ms)
2026/04/10 18:09:10 OK   20241212095458_create_merchant_documents_table.sql (24.45ms)
2026/04/10 18:09:10 OK   20241212095522_create_saldos_table.sql (25.53ms)
2026/04/10 18:09:10 OK   20241212095555_create_transactions_table.sql (26.71ms)
2026/04/10 18:09:10 OK   20241212095620_create_transfers_table.sql (27.81ms)
2026/04/10 18:09:10 OK   20241212095650_create_topups_table.sql (36.74ms)
2026/04/10 18:09:10 OK   20241212095720_create_withdraws_table.sql (24.74ms)
2026/04/10 18:09:10 OK   20241231190107_create_role.sql (22.37ms)
2026/04/10 18:09:10 OK   20241231190118_create_user_role.sql (24.36ms)
2026/04/10 18:09:10 OK   20241231194859_create_refreshtoken.sql (20.93ms)
2026/04/10 18:09:10 goose: successfully migrated database to version: 20241231194859
=== RUN   TestAuthServiceSuite/Test1_Register
{"level":"info","ts":"2026-04-10T18:09:10.833+0700","caller":"observability/tracing_metrics.go:105","msg":"Start: Register"}
{"level":"debug","ts":"2026-04-10T18:09:11.000+0700","caller":"cache/redis_cache.go:98","msg":"Successfully cached data","cacheKey":"register:verify_code:auth.service.test@example.com","expiration":"15m0s"}
{"level":"info","ts":"2026-04-10T18:09:11.000+0700","caller":"observability/tracing_metrics.go:122","msg":"User registered successfully","email":"auth.service.test@example.com","first_name":"Auth","last_name":"Service"}
=== RUN   TestAuthServiceSuite/Test2_Login
{"level":"info","ts":"2026-04-10T18:09:11.000+0700","caller":"observability/tracing_metrics.go:105","msg":"Start: Login"}
{"level":"debug","ts":"2026-04-10T18:09:11.144+0700","caller":"service/tokenService.go:219","msg":"Start: createAccessToken"}
{"level":"debug","ts":"2026-04-10T18:09:11.144+0700","caller":"service/tokenService.go:235","msg":"Created access token","userID":1}
{"level":"debug","ts":"2026-04-10T18:09:11.144+0700","caller":"service/tokenService.go:219","msg":"Start: createRefreshToken"}
{"level":"debug","ts":"2026-04-10T18:09:11.151+0700","caller":"service/tokenService.go:235","msg":"Created refresh token","userID":1}
{"level":"info","ts":"2026-04-10T18:09:11.151+0700","caller":"observability/tracing_metrics.go:122","msg":"Successfully logged in","email":"auth.service.test@example.com"}
=== RUN   TestAuthServiceSuite/Test3_ForgotPassword
{"level":"info","ts":"2026-04-10T18:09:11.152+0700","caller":"observability/tracing_metrics.go:105","msg":"Start: ForgotPassword"}
{"level":"debug","ts":"2026-04-10T18:09:11.155+0700","caller":"cache/redis_cache.go:98","msg":"Successfully cached data","cacheKey":"password_reset:token:%!s(int=1)","expiration":"5m0s"}
{"level":"info","ts":"2026-04-10T18:09:11.156+0700","caller":"observability/tracing_metrics.go:122","msg":"Successfully sent password reset email","email":"auth.service.test@example.com"}
=== RUN   TestAuthServiceSuite/Test4_LoginLockout
{"level":"info","ts":"2026-04-10T18:09:11.156+0700","caller":"observability/tracing_metrics.go:105","msg":"Start: Register"}
{"level":"debug","ts":"2026-04-10T18:09:11.300+0700","caller":"cache/redis_cache.go:98","msg":"Successfully cached data","cacheKey":"register:verify_code:locked.user@example.com","expiration":"15m0s"}
{"level":"info","ts":"2026-04-10T18:09:11.300+0700","caller":"observability/tracing_metrics.go:122","msg":"User registered successfully","email":"locked.user@example.com","first_name":"Locked","last_name":"User"}
{"level":"info","ts":"2026-04-10T18:09:11.301+0700","caller":"observability/tracing_metrics.go:105","msg":"Start: Login"}
{"level":"error","ts":"2026-04-10T18:09:11.450+0700","caller":"errorhandler/errorhandler.go:39","msg":"request failed","method":"Login","error":"crypto/bcrypt: hashedPassword is not the hash of the given password","trace_id":"00000000000000000000000000000000","status_code":500,"email":"locked.user@example.com"}
{"level":"info","ts":"2026-04-10T18:09:11.450+0700","caller":"observability/tracing_metrics.go:105","msg":"Start: Login"}
{"level":"error","ts":"2026-04-10T18:09:11.601+0700","caller":"errorhandler/errorhandler.go:39","msg":"request failed","method":"Login","error":"crypto/bcrypt: hashedPassword is not the hash of the given password","trace_id":"00000000000000000000000000000000","status_code":500,"email":"locked.user@example.com"}
{"level":"info","ts":"2026-04-10T18:09:11.601+0700","caller":"observability/tracing_metrics.go:105","msg":"Start: Login"}
{"level":"error","ts":"2026-04-10T18:09:11.746+0700","caller":"errorhandler/errorhandler.go:39","msg":"request failed","method":"Login","error":"crypto/bcrypt: hashedPassword is not the hash of the given password","trace_id":"00000000000000000000000000000000","status_code":500,"email":"locked.user@example.com"}
{"level":"info","ts":"2026-04-10T18:09:11.746+0700","caller":"observability/tracing_metrics.go:105","msg":"Start: Login"}
{"level":"error","ts":"2026-04-10T18:09:11.889+0700","caller":"errorhandler/errorhandler.go:39","msg":"request failed","method":"Login","error":"crypto/bcrypt: hashedPassword is not the hash of the given password","trace_id":"00000000000000000000000000000000","status_code":500,"email":"locked.user@example.com"}
{"level":"info","ts":"2026-04-10T18:09:11.889+0700","caller":"observability/tracing_metrics.go:105","msg":"Start: Login"}
{"level":"error","ts":"2026-04-10T18:09:12.032+0700","caller":"errorhandler/errorhandler.go:39","msg":"request failed","method":"Login","error":"crypto/bcrypt: hashedPassword is not the hash of the given password","trace_id":"00000000000000000000000000000000","status_code":500,"email":"locked.user@example.com"}
{"level":"info","ts":"2026-04-10T18:09:12.032+0700","caller":"observability/tracing_metrics.go:105","msg":"Start: Login"}
{"level":"error","ts":"2026-04-10T18:09:12.033+0700","caller":"errorhandler/errorhandler.go:39","msg":"request failed","method":"Login","error":"Account temporarily locked due to many failed attempts","trace_id":"00000000000000000000000000000000","status_code":403,"email":"locked.user@example.com"}
2026/04/10 18:09:12 🐳 Stopping container: 0a77b31e6607
2026/04/10 18:09:12 ✅ Container stopped: 0a77b31e6607
2026/04/10 18:09:12 🐳 Terminating container: 0a77b31e6607
2026/04/10 18:09:12 🚫 Container terminated: 0a77b31e6607
2026/04/10 18:09:12 🐳 Stopping container: f37834516d19
2026/04/10 18:09:12 ✅ Container stopped: f37834516d19
2026/04/10 18:09:12 🐳 Terminating container: f37834516d19
2026/04/10 18:09:12 🚫 Container terminated: f37834516d19
--- PASS: TestAuthServiceSuite (6.00s)
    --- PASS: TestAuthServiceSuite/Test1_Register (0.17s)
    --- PASS: TestAuthServiceSuite/Test2_Login (0.15s)
    --- PASS: TestAuthServiceSuite/Test3_ForgotPassword (0.00s)
    --- PASS: TestAuthServiceSuite/Test4_LoginLockout (0.88s)
FAIL
FAIL	github.com/MamangRust/monolith-payment-gateway-test/auth	22.835s
FAIL
